// Jest Snapshot v1, https://goo.gl/fbAQLP

exports[`PokeItem renders a Pidgey 1`] = `
<li>
  <div
    className="card-image"
  >
    <img
      alt="pidgey"
      src="http://assets.pokemon.com/assets/cms2/img/pokedex/full/016.png"
    />
  </div>
  <div
    className="card-text"
  >
    <h2>
      <a
        href="http://www.pokemon.com/us/pokedex/pidgey"
      >
        Pidgey
      </a>
    </h2>
    <p>
      Evolves from 
      NA
    </p>
  </div>
  <div
    className="card-table"
  >
    <table>
      <tr>
        <td
          class="left"
        >
          Attack
        </td>
        <td>
          45
        </td>
      </tr>
      <tr>
        <td
          class="left"
        >
          Defense
        </td>
        <td>
          40
        </td>
      </tr>
      <tr>
        <td
          class="left"
        >
          HP
        </td>
        <td>
          40
        </td>
      </tr>
      <tr>
        <td
          class="left"
        >
          Special Attack
        </td>
        <td>
          35
        </td>
      </tr>
      <tr>
        <td
          class="left"
        >
          Defense
        </td>
        <td>
          35
        </td>
      </tr>
    </table>
  </div>
</li>
`;
